[
  {"Path":"/node","Port":"9100"},
  {"Path":"/br-1","Port":"32042"},
  {"Path":"/br-2","Port":"32047"},
  {"Path":"/br-33","Port":"32088"},
  {"Path":"/bs-1","Port":"32041"}
]
